#
# There is insufficient memory for the Java Runtime Environment to continue.
# Native memory allocation (mmap) failed to map 264241152 bytes for G1 virtual space
# Possible reasons:
#   The system is out of physical RAM or swap space
#   The process is running with CompressedOops enabled, and the Java Heap may be blocking the growth of the native heap
# Possible solutions:
#   Reduce memory load on the system
#   Increase physical memory or swap space
#   Check if swap backing store is full
#   Decrease Java heap size (-Xmx/-Xms)
#   Decrease number of Java threads
#   Decrease Java thread stack sizes (-Xss)
#   Set larger code cache with -XX:ReservedCodeCacheSize=
#   JVM is running with Zero Based Compressed Oops mode in which the Java heap is
#     placed in the first 32GB address space. The Java Heap base address is the
#     maximum limit for the native heap growth. Please use -XX:HeapBaseMinAddress
#     to set the Java Heap base and to place the Java Heap above 32GB virtual address.
# This output file may be truncated or incomplete.
#
#  Out of Memory Error (os_windows.cpp:3600), pid=5900, tid=55724
#
# JRE version:  (21.0.2+13) (build )
# Java VM: Java HotSpot(TM) 64-Bit Server VM (21.0.2+13-LTS-58, mixed mode, sharing, tiered, compressed oops, compressed class ptrs, g1 gc, windows-amd64)
# No core dump will be written. Minidumps are not enabled by default on client versions of Windows
#

---------------  S U M M A R Y ------------

Command Line: -javaagent:C:\Users\ssund\AppData\Local\JetBrains\IntelliJIdea2025.1\captureAgent\debugger-agent.jar=file:///C:/Users/ssund/AppData/Local/Temp/capture15517744462347038272.props -ea --enable-preview -Didea.test.cyclic.buffer.size=1048576 -javaagent:C:\Users\ssund\AppData\Local\Programs\IntelliJ IDEA Ultimate\lib\idea_rt.jar=60209 -Dkotlinx.coroutines.debug.enable.creation.stack.trace=false -Ddebugger.agent.enable.coroutines=true -Dkotlinx.coroutines.debug.enable.flows.stack.trace=true -Dkotlinx.coroutines.debug.enable.mutable.state.flows.stack.trace=true -Dfile.encoding=UTF-8 -Dsun.stdout.encoding=UTF-8 -Dsun.stderr.encoding=UTF-8 com.intellij.rt.junit.JUnitStarter -ideVersion5 -junit5 com.chapman.edu.commissions.fundamentals.aaa.DealTest

Host: Intel(R) Core(TM) i7-1065G7 CPU @ 1.30GHz, 8 cores, 15G,  Windows 10 , 64 bit Build 19041 (10.0.19041.5915)
Time: Tue Sep 16 16:43:58 2025 Pacific Daylight Time elapsed time: 0.022541 seconds (0d 0h 0m 0s)

---------------  T H R E A D  ---------------

Current thread (0x0000027988fa6b10):  JavaThread "Unknown thread" [_thread_in_vm, id=55724, stack(0x000000c03c700000,0x000000c03c800000) (1024K)]

Stack: [0x000000c03c700000,0x000000c03c800000]
Native frames: (J=compiled Java code, j=interpreted, Vv=VM code, C=native code)
V  [jvm.dll+0x6cade9]
V  [jvm.dll+0x8569c1]
V  [jvm.dll+0x858d2e]
V  [jvm.dll+0x859413]
V  [jvm.dll+0x280e56]
V  [jvm.dll+0x6c74d5]
V  [jvm.dll+0x6bbeca]
V  [jvm.dll+0x355bca]
V  [jvm.dll+0x35d816]
V  [jvm.dll+0x3ae67e]
V  [jvm.dll+0x3ae928]
V  [jvm.dll+0x3295dc]
V  [jvm.dll+0x32a16b]
V  [jvm.dll+0x81efa9]
V  [jvm.dll+0x3bba01]
V  [jvm.dll+0x807928]
V  [jvm.dll+0x44f50e]
V  [jvm.dll+0x450e11]
C  [jli.dll+0x52a3]
C  [ucrtbase.dll+0x21bb2]
C  [KERNEL32.DLL+0x17374]
C  [ntdll.dll+0x4cc91]


---------------  P R O C E S S  ---------------

Threads class SMR info:
_java_thread_list=0x00007ff96f76bb88, length=0, elements={
}

Java Threads: ( => current thread )
Total: 0

Other Threads:
  0x000002798b2bf320 WorkerThread "GC Thread#0"                     [id=20092, stack(0x000000c03c800000,0x000000c03c900000) (1024K)]
  0x000002798b2cfc00 ConcurrentGCThread "G1 Main Marker"            [id=19944, stack(0x000000c03c900000,0x000000c03ca00000) (1024K)]
  0x000002798906ce30 WorkerThread "G1 Conc#0"                       [id=20428, stack(0x000000c03ca00000,0x000000c03cb00000) (1024K)]

[error occurred during error reporting (printing all threads), id 0xc0000005, EXCEPTION_ACCESS_VIOLATION (0xc0000005) at pc=0x00007ff96eedc6a7]
VM state: not at safepoint (not fully initialized)

VM Mutex/Monitor currently owned by a thread:  ([mutex/lock_event])
[0x00007ff96f7dce68] Heap_lock - owner thread: 0x0000027988fa6b10

Heap address: 0x0000000704800000, size: 4024 MB, Compressed Oops mode: Zero based, Oop shift amount: 3

CDS archive(s) mapped at: [0x0000000000000000-0x0000000000000000-0x0000000000000000), size 0, SharedBaseAddress: 0x0000000800000000, ArchiveRelocationMode: 1.
Narrow klass base: 0x0000000000000000, Narrow klass shift: 0, Narrow klass range: 0x0

GC Precious Log:
 CardTable entry size: 512
 Card Set container configuration: InlinePtr #cards 4 size 8 Array Of Cards #cards 16 size 48 Howl #buckets 8 coarsen threshold 3686 Howl Bitmap #cards 512 size 80 coarsen threshold 460 Card regions per heap region 1 cards per card region 4096

Heap:
 garbage-first heap   total 0K, used 0K [0x0000000704800000, 0x0000000800000000)
  region size 2048K, 0 young (0K), 0 survivors (0K)

[error occurred during error reporting (printing heap information), id 0xc0000005, EXCEPTION_ACCESS_VIOLATION (0xc0000005) at pc=0x00007ff96f2c39f9]
GC Heap History (0 events):
No events

Dll operation events (2 events):
Event: 0.015 Loaded shared library C:\Program Files\Java\jdk-21\bin\java.dll
Event: 0.016 Loaded shared library C:\Program Files\Java\jdk-21\bin\zip.dll

Deoptimization events (0 events):
No events

Classes loaded (0 events):
No events

Classes unloaded (0 events):
No events

Classes redefined (0 events):
No events

Internal exceptions (0 events):
No events

ZGC Phase Switch (0 events):
No events

VM Operations (0 events):
No events

Events (0 events):
No events


Dynamic libraries:
0x00007ff772030000 - 0x00007ff772040000 	C:\Program Files\Java\jdk-21\bin\java.exe
0x00007ffa29770000 - 0x00007ffa29968000 	C:\WINDOWS\SYSTEM32\ntdll.dll
0x00007ffa27790000 - 0x00007ffa27852000 	C:\WINDOWS\System32\KERNEL32.DLL
0x00007ffa270d0000 - 0x00007ffa273c7000 	C:\WINDOWS\System32\KERNELBASE.dll
0x00007ffa273d0000 - 0x00007ffa274d0000 	C:\WINDOWS\System32\ucrtbase.dll
0x00007ffa10650000 - 0x00007ffa10669000 	C:\Program Files\Java\jdk-21\bin\jli.dll
0x00007ffa08910000 - 0x00007ffa0892b000 	C:\Program Files\Java\jdk-21\bin\VCRUNTIME140.dll
0x00007ffa295d0000 - 0x00007ffa29681000 	C:\WINDOWS\System32\ADVAPI32.dll
0x00007ffa29690000 - 0x00007ffa2972e000 	C:\WINDOWS\System32\msvcrt.dll
0x00007ffa29350000 - 0x00007ffa293ef000 	C:\WINDOWS\System32\sechost.dll
0x00007ffa28ec0000 - 0x00007ffa28fe6000 	C:\WINDOWS\System32\RPCRT4.dll
0x00007ffa274d0000 - 0x00007ffa274f7000 	C:\WINDOWS\System32\bcrypt.dll
0x00007ffa278c0000 - 0x00007ffa27a5d000 	C:\WINDOWS\System32\USER32.dll
0x00007ffa27760000 - 0x00007ffa27782000 	C:\WINDOWS\System32\win32u.dll
0x00007ffa294c0000 - 0x00007ffa294eb000 	C:\WINDOWS\System32\GDI32.dll
0x00007ffa0eea0000 - 0x00007ffa0f13a000 	C:\WINDOWS\WinSxS\amd64_microsoft.windows.common-controls_6595b64144ccf1df_6.0.19041.5915_none_60b4b9d171f9c7c7\COMCTL32.dll
0x00007ffa27590000 - 0x00007ffa276a9000 	C:\WINDOWS\System32\gdi32full.dll
0x00007ffa27030000 - 0x00007ffa270cd000 	C:\WINDOWS\System32\msvcp_win.dll
0x00007ffa1c6f0000 - 0x00007ffa1c6fa000 	C:\WINDOWS\SYSTEM32\VERSION.dll
0x00007ffa295a0000 - 0x00007ffa295cf000 	C:\WINDOWS\System32\IMM32.DLL
0x00007ffa22020000 - 0x00007ffa2202c000 	C:\Program Files\Java\jdk-21\bin\vcruntime140_1.dll
0x00007ff9f98b0000 - 0x00007ff9f993e000 	C:\Program Files\Java\jdk-21\bin\msvcp140.dll
0x00007ff96eba0000 - 0x00007ff96f8b7000 	C:\Program Files\Java\jdk-21\bin\server\jvm.dll
0x00007ffa27ff0000 - 0x00007ffa2805b000 	C:\WINDOWS\System32\WS2_32.dll
0x00007ffa26c60000 - 0x00007ffa26cab000 	C:\WINDOWS\SYSTEM32\POWRPROF.dll
0x00007ffa14830000 - 0x00007ffa14857000 	C:\WINDOWS\SYSTEM32\WINMM.dll
0x00007ffa26c40000 - 0x00007ffa26c52000 	C:\WINDOWS\SYSTEM32\UMPDC.dll
0x00007ffa255e0000 - 0x00007ffa255f2000 	C:\WINDOWS\SYSTEM32\kernel.appcore.dll
0x00007ffa21640000 - 0x00007ffa2164a000 	C:\Program Files\Java\jdk-21\bin\jimage.dll
0x00007ffa24b20000 - 0x00007ffa24d21000 	C:\WINDOWS\SYSTEM32\DBGHELP.DLL
0x00007ffa23c50000 - 0x00007ffa23c84000 	C:\WINDOWS\SYSTEM32\dbgcore.DLL
0x00007ffa27500000 - 0x00007ffa27582000 	C:\WINDOWS\System32\bcryptPrimitives.dll
0x00007ffa1fcc0000 - 0x00007ffa1fccf000 	C:\Program Files\Java\jdk-21\bin\instrument.dll
0x00007ffa07440000 - 0x00007ffa0745f000 	C:\Program Files\Java\jdk-21\bin\java.dll
0x00007ffa1fcd0000 - 0x00007ffa1fce8000 	C:\Program Files\Java\jdk-21\bin\zip.dll

dbghelp: loaded successfully - version: 4.0.5 - missing functions: none
symbol engine: initialized successfully - sym options: 0x614 - pdb path: .;C:\Program Files\Java\jdk-21\bin;C:\WINDOWS\SYSTEM32;C:\WINDOWS\WinSxS\amd64_microsoft.windows.common-controls_6595b64144ccf1df_6.0.19041.5915_none_60b4b9d171f9c7c7;C:\Program Files\Java\jdk-21\bin\server

VM Arguments:
jvm_args: -javaagent:C:\Users\ssund\AppData\Local\JetBrains\IntelliJIdea2025.1\captureAgent\debugger-agent.jar=file:///C:/Users/ssund/AppData/Local/Temp/capture15517744462347038272.props -ea --enable-preview -Didea.test.cyclic.buffer.size=1048576 -javaagent:C:\Users\ssund\AppData\Local\Programs\IntelliJ IDEA Ultimate\lib\idea_rt.jar=60209 -Dkotlinx.coroutines.debug.enable.creation.stack.trace=false -Ddebugger.agent.enable.coroutines=true -Dkotlinx.coroutines.debug.enable.flows.stack.trace=true -Dkotlinx.coroutines.debug.enable.mutable.state.flows.stack.trace=true -Dfile.encoding=UTF-8 -Dsun.stdout.encoding=UTF-8 -Dsun.stderr.encoding=UTF-8 
java_command: com.intellij.rt.junit.JUnitStarter -ideVersion5 -junit5 com.chapman.edu.commissions.fundamentals.aaa.DealTest
java_class_path (initial): C:\Users\ssund\.m2\repository\org\junit\platform\junit-platform-launcher\1.10.0\junit-platform-launcher-1.10.0.jar;C:\Users\ssund\AppData\Local\Programs\IntelliJ IDEA Ultimate\lib\idea_rt.jar;C:\Users\ssund\AppData\Local\Programs\IntelliJ IDEA Ultimate\plugins\junit\lib\junit5-rt.jar;C:\Users\ssund\AppData\Local\Programs\IntelliJ IDEA Ultimate\plugins\junit\lib\junit-rt.jar;C:\Commission Calculator\commission-calculator-simple\target\test-classes;C:\Commission Calculator\commission-calculator-simple\target\classes;C:\Users\ssund\.m2\repository\org\projectlombok\lombok\1.18.30\lombok-1.18.30.jar;C:\Users\ssund\.m2\repository\org\apache\commons\commons-lang3\3.13.0\commons-lang3-3.13.0.jar;C:\Users\ssund\.m2\repository\org\slf4j\slf4j-api\2.0.9\slf4j-api-2.0.9.jar;C:\Users\ssund\.m2\repository\ch\qos\logback\logback-classic\1.4.11\logback-classic-1.4.11.jar;C:\Users\ssund\.m2\repository\ch\qos\logback\logback-core\1.4.11\logback-core-1.4.11.jar;C:\Users\ssund\.m2\repository\org\junit\jupiter\junit-jupiter-api\5.10.0\junit-jupiter-api-5.10.0.jar;C:\Users\ssund\.m2\repository\org\opentest4j\opentest4j\1.3.0\opentest4j-1.3.0.jar;C:\Users\ssund\.m2\repository\org\junit\platform\junit-platform-commons\1.10.0\junit-platform-commons-1.10.0.jar;C:\Users\ssund\.m2\repository\org\apiguardian\apiguardian-api\1.1.2\apiguardian-api-1.1.2.jar;C:\Users\ssund\.m2\repository\org\junit\jupiter\junit-jupiter-engine\5.10.0\junit-jupiter-engine-5.10.0.jar;C:\Users\ssund\.m2\repository\org\junit\platform\junit-platform-engine\1.10.0\junit-platform-engine-1.10.0.jar;C:\Users\ssund\.m2\repository\org\mockito\mockito-core\5.6.0\mockito-core-5.6.0.jar;C:\Users\ssund\.m2\repository\net\bytebuddy\byte-buddy\1.14.8\byte-buddy-1.14.8.jar;C:\Users\ssund\.m2\repository\net\bytebuddy\byte-buddy-agent\1.14.8\byte-buddy-agent-1.14.8.jar;C:\Users\ssund\.m2\repository\org\objenesis\objenesis\3.3\objenesis-3.3.jar
Launcher Type: SUN_STANDARD

[Global flags]
     intx CICompilerCount                          = 4                                         {product} {ergonomic}
     uint ConcGCThreads                            = 2                                         {product} {ergonomic}
     uint G1ConcRefinementThreads                  = 8                                         {product} {ergonomic}
   size_t G1HeapRegionSize                         = 2097152                                   {product} {ergonomic}
    uintx GCDrainStackTargetSize                   = 64                                        {product} {ergonomic}
   size_t InitialHeapSize                          = 264241152                                 {product} {ergonomic}
   size_t MarkStackSize                            = 4194304                                   {product} {ergonomic}
   size_t MaxHeapSize                              = 4219469824                                {product} {ergonomic}
   size_t MinHeapDeltaBytes                        = 2097152                                   {product} {ergonomic}
   size_t MinHeapSize                              = 8388608                                   {product} {ergonomic}
    uintx NonNMethodCodeHeapSize                   = 5839372                                {pd product} {ergonomic}
    uintx NonProfiledCodeHeapSize                  = 122909434                              {pd product} {ergonomic}
    uintx ProfiledCodeHeapSize                     = 122909434                              {pd product} {ergonomic}
    uintx ReservedCodeCacheSize                    = 251658240                              {pd product} {ergonomic}
     bool SegmentedCodeCache                       = true                                      {product} {ergonomic}
   size_t SoftMaxHeapSize                          = 4219469824                             {manageable} {ergonomic}
     bool UseCompressedOops                        = true                           {product lp64_product} {ergonomic}
     bool UseG1GC                                  = true                                      {product} {ergonomic}
     bool UseLargePagesIndividualAllocation        = false                                  {pd product} {ergonomic}

Logging:
Log output configuration:
 #0: stdout all=warning uptime,level,tags foldmultilines=false
 #1: stderr all=off uptime,level,tags foldmultilines=false

Environment Variables:
JAVA_HOME=C:\Program Files\Java\jdk-21
PATH=C:\Python313\Scripts\;C:\Python313\;C:\Program Files\Common Files\Oracle\Java\javapath;C:\WINDOWS\system32;C:\WINDOWS;C:\WINDOWS\System32\Wbem;C:\WINDOWS\System32\WindowsPowerShell\v1.0\;C:\WINDOWS\System32\OpenSSH\;C:\Program Files\Java\jdk-21;C:\Program Files\apache-maven-3.9.6\bin;C:\Program Files\PuTTY\;C:\Program Files\Git\cmd;C:\Program Files\Graphviz\bin;C:\Users\ssund\AppData\Roaming\Python\Python311\Scripts;C:\ProgramData\chocolatey\bin;C:\Program Files\Amazon\AWSCLIV2\;C:\Program Files\Docker\Docker\resources\bin;C:\Program Files\nodejs\;C:\Program Files\nodejs\npx\;C:\Program Files\nodejs\npm\;C:\Users\ssund\AppData\Local\Programs\Python\Python312\Scripts\;C:\Users\ssund\AppData\Local\Programs\Python\Python312\;C:\Users\ssund\AppData\Local\Microsoft\WindowsApps;C:\Users\ssund\AppData\Local\JetBrains\Toolbox\scripts;C:\Program Files\Java\jdk-21;C:\Program Files\apache-maven-3.9.6\bin;C:\Users\ssund\AppData\Local\Microsoft\WindowsApps;C:\Users\ssund\AppData\Roaming\Python\Python311\Scripts;C:\Users\ssund\AppData\Local\Programs\cursor\resources\app\bin;C:\Program Files\PostgreSQL\17\bin;C:\Program Files\Microsoft Visual Studio\2022\Community\Common7\Tools;C:\Users\ssund\AppData\Roaming\npm;C:\Users\ssund\AppData\Local\Programs\Kiro\bin
USERNAME=ssund
OS=Windows_NT
PROCESSOR_IDENTIFIER=Intel64 Family 6 Model 126 Stepping 5, GenuineIntel
TMP=C:\Users\ssund\AppData\Local\Temp
TEMP=C:\Users\ssund\AppData\Local\Temp




Periodic native trim disabled

---------------  S Y S T E M  ---------------

OS:
 Windows 10 , 64 bit Build 19041 (10.0.19041.5915)
OS uptime: 27 days 21:57 hours
Hyper-V role detected

CPU: total 8 (initial active 8) (4 cores per cpu, 2 threads per core) family 6 model 126 stepping 5 microcode 0x78, cx8, cmov, fxsr, ht, mmx, 3dnowpref, sse, sse2, sse3, ssse3, sse4.1, sse4.2, popcnt, lzcnt, tsc, tscinvbit, avx, avx2, aes, erms, clmul, bmi1, bmi2, adx, avx512f, avx512dq, avx512cd, avx512bw, avx512vl, sha, fma, vzeroupper, avx512_vpopcntdq, avx512_vpclmulqdq, avx512_vaes, avx512_vnni, clflush, clflushopt, avx512_vbmi2, avx512_vbmi, hv, rdtscp, rdpid, fsrm, gfni, avx512_bitalg, f16c, avx512_ifma
Processor Information for all 8 processors :
  Max Mhz: 1498, Current Mhz: 1298, Mhz Limit: 1288

Memory: 4k page, system-wide physical 16093M (1261M free)
TotalPageFile size 65245M (AvailPageFile size 239M)
current process WorkingSet (physical memory assigned to process): 11M, peak: 11M
current process commit charge ("private bytes"): 60M, peak: 312M

vm_info: Java HotSpot(TM) 64-Bit Server VM (21.0.2+13-LTS-58) for windows-amd64 JRE (21.0.2+13-LTS-58), built on 2024-01-05T18:32:24Z by "mach5one" with MS VC++ 17.1 (VS2022)

END.
